src/activity-log/activity-log.service.ts(36,26): error TS1109: Expression expected.
src/activity-log/activity-log.service.ts(39,17): error TS1109: Expression expected.
